2026-08-11 21:08:26,018 INFO o.a.j.u.JMeterUtils: Setting Locale to en_EN
2026-08-11 21:08:26,026 INFO o.a.j.JMeter: Loading user properties from: /opt/homebrew/Cellar/jmeter/5.6.3/libexec/bin/user.properties
2026-08-11 21:08:26,026 INFO o.a.j.JMeter: Loading system properties from: /opt/homebrew/Cellar/jmeter/5.6.3/libexec/bin/system.properties
2026-08-11 21:08:26,028 INFO o.a.j.JMeter: Copyright (c) 1998-2024 The Apache Software Foundation
2026-08-11 21:08:26,028 INFO o.a.j.JMeter: Version 5.6.3
2026-08-11 21:08:26,028 INFO o.a.j.JMeter: java.version=21.0.12
2026-08-11 21:08:26,028 INFO o.a.j.JMeter: java.vm.name=OpenJDK 64-Bit Server VM
2026-08-11 21:08:26,028 INFO o.a.j.JMeter: os.name=Mac OS X
2026-08-11 21:08:26,028 INFO o.a.j.JMeter: os.arch=aarch64
2026-08-11 21:08:26,028 INFO o.a.j.JMeter: os.version=26.5.1
2026-08-11 21:08:26,028 INFO o.a.j.JMeter: file.encoding=UTF-8
2026-08-11 21:08:26,028 INFO o.a.j.JMeter: java.awt.headless=null
2026-08-11 21:08:26,029 INFO o.a.j.JMeter: Max memory     =1073741824
2026-08-11 21:08:26,029 INFO o.a.j.JMeter: Available Processors =12
2026-08-11 21:08:26,032 INFO o.a.j.JMeter: Default Locale=English (EN)
2026-08-11 21:08:26,032 INFO o.a.j.JMeter: JMeter  Locale=English (EN)
2026-08-11 21:08:26,032 INFO o.a.j.JMeter: JMeterHome=/opt/homebrew/Cellar/jmeter/5.6.3/libexec
2026-08-11 21:08:26,032 INFO o.a.j.JMeter: user.dir  =/Users/vaibhavsrivastava/Desktop/Training/Edureka-TCSTraining/Script/jmetertest
2026-08-11 21:08:26,032 INFO o.a.j.JMeter: PWD       =/Users/vaibhavsrivastava/Desktop/Training/Edureka-TCSTraining/Script/jmetertest
2026-08-11 21:08:26,041 INFO o.a.j.JMeter: IP: 192.168.0.125 Name: Mac.dlink FullName: mac.dlink
2026-08-11 21:08:26,046 INFO o.a.j.JMeter: Loaded icon properties from org/apache/jmeter/images/icon.properties
2026-08-11 21:08:26,238 INFO o.a.j.JMeterGuiLauncher: Setting LAF to: com.github.weisj.darklaf.DarkLaf:com.github.weisj.darklaf.theme.DarculaTheme
2026-08-11 21:08:26,819 INFO o.a.j.r.ClassFinder: Will scan jar /opt/homebrew/Cellar/jmeter/5.6.3/libexec/lib/ext/jmeter-dynatrace-plugin-1.8.0.jar with filter ExtendsClassFilter [parents=[interface org.apache.jmeter.gui.action.Command], inner=false, contains=null, notContains=null]. Consider exposing JMeter plugins via META-INF/services, and add JMeter-Skip-Class-Scanning=true manifest attribute so JMeter can skip classfile scanning
2026-08-11 21:08:26,822 INFO o.a.j.r.ClassFinder: Will scan jar /opt/homebrew/Cellar/jmeter/5.6.3/libexec/lib/ext/jmeter-datadog-backend-listener-1.0.0.jar with filter ExtendsClassFilter [parents=[interface org.apache.jmeter.gui.action.Command], inner=false, contains=null, notContains=null]. Consider exposing JMeter plugins via META-INF/services, and add JMeter-Skip-Class-Scanning=true manifest attribute so JMeter can skip classfile scanning
2026-08-11 21:08:26,826 INFO o.a.j.r.ClassFinder: Will scan jar /opt/homebrew/Cellar/jmeter/5.6.3/libexec/lib/ext/jmeter-plugins-manager-1.12.jar with filter ExtendsClassFilter [parents=[interface org.apache.jmeter.gui.action.Command], inner=false, contains=null, notContains=null]. Consider exposing JMeter plugins via META-INF/services, and add JMeter-Skip-Class-Scanning=true manifest attribute so JMeter can skip classfile scanning
2026-08-11 21:08:26,874 INFO o.a.j.r.ClassFinder: Will scan jar /opt/homebrew/Cellar/jmeter/5.6.3/libexec/lib/ext/jmeter-dynatrace-plugin-1.8.0.jar with filter ExtendsClassFilter [parents=[interface org.apache.jmeter.gui.plugin.MenuCreator], inner=false, contains=null, notContains=null]. Consider exposing JMeter plugins via META-INF/services, and add JMeter-Skip-Class-Scanning=true manifest attribute so JMeter can skip classfile scanning
2026-08-11 21:08:26,874 INFO o.a.j.r.ClassFinder: Will scan jar /opt/homebrew/Cellar/jmeter/5.6.3/libexec/lib/ext/jmeter-datadog-backend-listener-1.0.0.jar with filter ExtendsClassFilter [parents=[interface org.apache.jmeter.gui.plugin.MenuCreator], inner=false, contains=null, notContains=null]. Consider exposing JMeter plugins via META-INF/services, and add JMeter-Skip-Class-Scanning=true manifest attribute so JMeter can skip classfile scanning
2026-08-11 21:08:26,876 INFO o.a.j.r.ClassFinder: Will scan jar /opt/homebrew/Cellar/jmeter/5.6.3/libexec/lib/ext/jmeter-plugins-manager-1.12.jar with filter ExtendsClassFilter [parents=[interface org.apache.jmeter.gui.plugin.MenuCreator], inner=false, contains=null, notContains=null]. Consider exposing JMeter plugins via META-INF/services, and add JMeter-Skip-Class-Scanning=true manifest attribute so JMeter can skip classfile scanning
2026-08-11 21:08:26,920 INFO o.j.r.JARSourceHTTP: Found cached repo
2026-08-11 21:08:26,991 INFO o.j.r.PluginManager: Plugins Status: [jmeter-datadog-backend-listener=1.0.0, jmeter-dynatrace-backend-listener=1.8.0, jpgc-plugins-manager=1.12, jmeter-core=5.6.3, jmeter-ftp=5.6.3, jmeter-http=5.6.3, jmeter-jdbc=5.6.3, jmeter-jms=5.6.3, jmeter-junit=5.6.3, jmeter-java=5.6.3, jmeter-ldap=5.6.3, jmeter-mail=5.6.3, jmeter-mongodb=5.6.3, jmeter-native=5.6.3, jmeter-tcp=5.6.3, jmeter-components=5.6.3]
2026-08-11 21:08:32,496 INFO o.a.j.s.FileServer: Default base='/Users/vaibhavsrivastava/Desktop/Training/Edureka-TCSTraining/Script/jmetertest'
2026-08-11 21:08:32,498 INFO o.a.j.g.a.Load: Loading file: /Users/vaibhavsrivastava/Desktop/Training/Edureka-TCSTraining/Script/jmetertest/S01_AddBook_bookStoreapp-HTTPScriptRecorder.jmx
2026-08-11 21:08:32,498 INFO o.a.j.s.FileServer: Set new base='/Users/vaibhavsrivastava/Desktop/Training/Edureka-TCSTraining/Script/jmetertest'
2026-08-11 21:08:32,564 INFO o.a.j.s.SaveService: Testplan (JMX) version: 2.2. Testlog (JTL) version: 2.2
2026-08-11 21:08:32,567 INFO o.a.j.s.SaveService: Using SaveService properties version 5.0
2026-08-11 21:08:32,568 INFO o.a.j.s.SaveService: Using SaveService properties file encoding UTF-8
2026-08-11 21:08:32,568 INFO o.a.j.s.SaveService: Loading file: /Users/vaibhavsrivastava/Desktop/Training/Edureka-TCSTraining/Script/jmetertest/S01_AddBook_bookStoreapp-HTTPScriptRecorder.jmx
2026-08-11 21:08:32,609 INFO o.a.j.p.h.c.CookieManager: Settings: Delete null: true Check: true Allow variable: true Save: false Prefix: COOKIE_
2026-08-11 21:08:32,613 INFO o.a.j.p.h.s.HTTPSamplerBase: Parser for text/html is org.apache.jmeter.protocol.http.parser.LagartoBasedHtmlParser
2026-08-11 21:08:32,613 INFO o.a.j.p.h.s.HTTPSamplerBase: Parser for application/xhtml+xml is org.apache.jmeter.protocol.http.parser.LagartoBasedHtmlParser
2026-08-11 21:08:32,613 INFO o.a.j.p.h.s.HTTPSamplerBase: Parser for application/xml is org.apache.jmeter.protocol.http.parser.LagartoBasedHtmlParser
2026-08-11 21:08:32,613 INFO o.a.j.p.h.s.HTTPSamplerBase: Parser for text/xml is org.apache.jmeter.protocol.http.parser.LagartoBasedHtmlParser
2026-08-11 21:08:32,613 INFO o.a.j.p.h.s.HTTPSamplerBase: Parser for text/vnd.wap.wml is org.apache.jmeter.protocol.http.parser.RegexpHTMLParser
2026-08-11 21:08:32,613 INFO o.a.j.p.h.s.HTTPSamplerBase: Parser for text/css is org.apache.jmeter.protocol.http.parser.CssParser
2026-08-11 21:08:32,675 INFO o.a.j.e.KeyToolUtils: keytool found at 'keytool'
2026-08-11 21:08:32,675 INFO o.a.j.p.h.p.ProxyControl: HTTP(S) Test Script Recorder SSL Proxy will use keys that support embedded 3rd party resources in file /opt/homebrew/Cellar/jmeter/5.6.3/libexec/bin/proxyserver.jks
2026-08-11 21:08:32,888 INFO o.a.j.s.SampleResult: Note: Sample TimeStamps are START times
2026-08-11 21:08:32,888 INFO o.a.j.s.SampleResult: sampleresult.default.encoding is set to UTF-8
2026-08-11 21:08:32,888 INFO o.a.j.s.SampleResult: sampleresult.useNanoTime=true
2026-08-11 21:08:32,888 INFO o.a.j.s.SampleResult: sampleresult.nanoThreadSleep=5000
2026-08-11 21:08:32,932 INFO o.a.j.r.ClassFinder: Will scan jar /opt/homebrew/Cellar/jmeter/5.6.3/libexec/lib/ext/jmeter-dynatrace-plugin-1.8.0.jar with filter ExtendsClassFilter [parents=[interface org.apache.jmeter.visualizers.ResultRenderer], inner=false, contains=null, notContains=null]. Consider exposing JMeter plugins via META-INF/services, and add JMeter-Skip-Class-Scanning=true manifest attribute so JMeter can skip classfile scanning
2026-08-11 21:08:32,932 INFO o.a.j.r.ClassFinder: Will scan jar /opt/homebrew/Cellar/jmeter/5.6.3/libexec/lib/ext/jmeter-datadog-backend-listener-1.0.0.jar with filter ExtendsClassFilter [parents=[interface org.apache.jmeter.visualizers.ResultRenderer], inner=false, contains=null, notContains=null]. Consider exposing JMeter plugins via META-INF/services, and add JMeter-Skip-Class-Scanning=true manifest attribute so JMeter can skip classfile scanning
2026-08-11 21:08:32,934 INFO o.a.j.r.ClassFinder: Will scan jar /opt/homebrew/Cellar/jmeter/5.6.3/libexec/lib/ext/jmeter-plugins-manager-1.12.jar with filter ExtendsClassFilter [parents=[interface org.apache.jmeter.visualizers.ResultRenderer], inner=false, contains=null, notContains=null]. Consider exposing JMeter plugins via META-INF/services, and add JMeter-Skip-Class-Scanning=true manifest attribute so JMeter can skip classfile scanning
2026-08-11 21:08:32,940 INFO o.a.j.r.ClassFinder: Will scan jar /opt/homebrew/Cellar/jmeter/5.6.3/libexec/lib/ext/jmeter-dynatrace-plugin-1.8.0.jar with filter ExtendsClassFilter [parents=[interface org.apache.jmeter.visualizers.RequestView], inner=false, contains=null, notContains=null]. Consider exposing JMeter plugins via META-INF/services, and add JMeter-Skip-Class-Scanning=true manifest attribute so JMeter can skip classfile scanning
2026-08-11 21:08:32,940 INFO o.a.j.r.ClassFinder: Will scan jar /opt/homebrew/Cellar/jmeter/5.6.3/libexec/lib/ext/jmeter-datadog-backend-listener-1.0.0.jar with filter ExtendsClassFilter [parents=[interface org.apache.jmeter.visualizers.RequestView], inner=false, contains=null, notContains=null]. Consider exposing JMeter plugins via META-INF/services, and add JMeter-Skip-Class-Scanning=true manifest attribute so JMeter can skip classfile scanning
2026-08-11 21:08:32,941 INFO o.a.j.r.ClassFinder: Will scan jar /opt/homebrew/Cellar/jmeter/5.6.3/libexec/lib/ext/jmeter-plugins-manager-1.12.jar with filter ExtendsClassFilter [parents=[interface org.apache.jmeter.visualizers.RequestView], inner=false, contains=null, notContains=null]. Consider exposing JMeter plugins via META-INF/services, and add JMeter-Skip-Class-Scanning=true manifest attribute so JMeter can skip classfile scanning
2026-08-11 21:08:32,955 INFO o.a.j.r.ClassFinder: Will scan jar /opt/homebrew/Cellar/jmeter/5.6.3/libexec/lib/ext/jmeter-dynatrace-plugin-1.8.0.jar with filter ExtendsClassFilter [parents=[interface org.apache.jmeter.visualizers.ResultRenderer], inner=false, contains=null, notContains=null]. Consider exposing JMeter plugins via META-INF/services, and add JMeter-Skip-Class-Scanning=true manifest attribute so JMeter can skip classfile scanning
2026-08-11 21:08:32,955 INFO o.a.j.r.ClassFinder: Will scan jar /opt/homebrew/Cellar/jmeter/5.6.3/libexec/lib/ext/jmeter-datadog-backend-listener-1.0.0.jar with filter ExtendsClassFilter [parents=[interface org.apache.jmeter.visualizers.ResultRenderer], inner=false, contains=null, notContains=null]. Consider exposing JMeter plugins via META-INF/services, and add JMeter-Skip-Class-Scanning=true manifest attribute so JMeter can skip classfile scanning
2026-08-11 21:08:32,956 INFO o.a.j.r.ClassFinder: Will scan jar /opt/homebrew/Cellar/jmeter/5.6.3/libexec/lib/ext/jmeter-plugins-manager-1.12.jar with filter ExtendsClassFilter [parents=[interface org.apache.jmeter.visualizers.ResultRenderer], inner=false, contains=null, notContains=null]. Consider exposing JMeter plugins via META-INF/services, and add JMeter-Skip-Class-Scanning=true manifest attribute so JMeter can skip classfile scanning
2026-08-11 21:08:32,960 INFO o.a.j.r.ClassFinder: Will scan jar /opt/homebrew/Cellar/jmeter/5.6.3/libexec/lib/ext/jmeter-dynatrace-plugin-1.8.0.jar with filter ExtendsClassFilter [parents=[interface org.apache.jmeter.visualizers.RequestView], inner=false, contains=null, notContains=null]. Consider exposing JMeter plugins via META-INF/services, and add JMeter-Skip-Class-Scanning=true manifest attribute so JMeter can skip classfile scanning
2026-08-11 21:08:32,960 INFO o.a.j.r.ClassFinder: Will scan jar /opt/homebrew/Cellar/jmeter/5.6.3/libexec/lib/ext/jmeter-datadog-backend-listener-1.0.0.jar with filter ExtendsClassFilter [parents=[interface org.apache.jmeter.visualizers.RequestView], inner=false, contains=null, notContains=null]. Consider exposing JMeter plugins via META-INF/services, and add JMeter-Skip-Class-Scanning=true manifest attribute so JMeter can skip classfile scanning
2026-08-11 21:08:32,961 INFO o.a.j.r.ClassFinder: Will scan jar /opt/homebrew/Cellar/jmeter/5.6.3/libexec/lib/ext/jmeter-plugins-manager-1.12.jar with filter ExtendsClassFilter [parents=[interface org.apache.jmeter.visualizers.RequestView], inner=false, contains=null, notContains=null]. Consider exposing JMeter plugins via META-INF/services, and add JMeter-Skip-Class-Scanning=true manifest attribute so JMeter can skip classfile scanning
2026-08-11 21:08:32,975 INFO o.a.j.s.FileServer: Set new base='/Users/vaibhavsrivastava/Desktop/Training/Edureka-TCSTraining/Script/jmetertest'
